{
  "$schema": "https://json-schema.org/draft/2020-12/schema",
  "title": "MyStruct",
  "type": "object",
  "properties": {
    "my_int": {
      "default": 0,
      "type": "integer",
      "format": "int32"
    },
    "my_bool": {
      "default": false,
      "type": "boolean"
    },
    "my_struct2": {
      "default": "i:0 b:false",
      "$ref": "#/components/schemas/MyStruct2"
    },
    "my_struct2_default_skipped": {
      "$ref": "#/components/schemas/MyStruct2"
    },
    "not_serialize": {
      "$ref": "#/components/schemas/NotSerialize"
    }
  },
  "definitions": {
    "MyStruct2": {
      "type": "object",
      "properties": {
        "my_int": {
          "default": 6,
          "type": "integer",
          "format": "int32"
        },
        "my_bool": {
          "default": true,
          "type": "boolean"
        }
      }
    },
    "NotSerialize": {
      "type": "null"
    }
  }
}