{
  "$schema": "https://json-schema.org/draft/2020-12/schema",
  "title": "External",
  "oneOf": [
    {
      "type": "string",
      "enum": [
        "unitOne",
        "unitTwo"
      ]
    },
    {
      "type": "object",
      "required": [
        "stringMap"
      ],
      "properties": {
        "stringMap": {
          "$ref": "#/components/schemas/Map_of_String_to_String"
        }
      },
      "additionalProperties": false
    },
    {
      "type": "object",
      "required": [
        "unitStructNewType"
      ],
      "properties": {
        "unitStructNewType": {
          "$ref": "#/components/schemas/UnitStruct"
        }
      },
      "additionalProperties": false
    },
    {
      "type": "object",
      "required": [
        "structNewType"
      ],
      "properties": {
        "structNewType": {
          "$ref": "#/components/schemas/Struct"
        }
      },
      "additionalProperties": false
    },
    {
      "type": "object",
      "required": [
        "struct"
      ],
      "properties": {
        "struct": {
          "type": "object",
          "required": [
            "bar",
            "foo"
          ],
          "properties": {
            "bar": {
              "type": "boolean"
            },
            "foo": {
              "type": "integer",
              "format": "int32"
            }
          },
          "additionalProperties": false
        }
      },
      "additionalProperties": false
    },
    {
      "type": "object",
      "required": [
        "tuple"
      ],
      "properties": {
        "tuple": {
          "type": "array",
          "prefixItems": [
            {
              "type": "integer",
              "format": "int32"
            },
            {
              "type": "boolean"
            }
          ],
          "maxItems": 2,
          "minItems": 2
        }
      },
      "additionalProperties": false
    },
    {
      "type": "object",
      "required": [
        "withInt"
      ],
      "properties": {
        "withInt": {
          "type": "integer",
          "format": "int32"
        }
      },
      "additionalProperties": false
    }
  ],
  "definitions": {
    "Map_of_String_to_String": {
      "description": "Map of [String](#section/String) to [String](#section/String).\n\n Please Check the type sections for more information.",
      "examples": [
        {}
      ],
      "type": "object",
      "patternProperties": {
        "": {
          "type": "string"
        }
      },
      "propertyNames": {
        "type": "string"
      }
    },
    "Struct": {
      "type": "object",
      "required": [
        "bar",
        "foo"
      ],
      "properties": {
        "bar": {
          "type": "boolean"
        },
        "foo": {
          "type": "integer",
          "format": "int32"
        }
      }
    },
    "UnitStruct": {
      "type": "null"
    }
  }
}