{
  "$schema": "https://json-schema.org/draft/2020-12/schema",
  "title": "Set_of_Foo",
  "type": "array",
  "items": {
    "$ref": "#/components/schemas/Foo"
  },
  "uniqueItems": true,
  "definitions": {
    "Foo": {
      "type": "string",
      "enum": [
        "Bar",
        "Baz"
      ]
    }
  }
}