{
  "$schema": "https://json-schema.org/draft/2020-12/schema",
  "title": "Internal",
  "oneOf": [
    {
      "type": "object",
      "required": [
        "typeProperty"
      ],
      "properties": {
        "typeProperty": {
          "type": "string",
          "enum": [
            "UnitOne"
          ]
        }
      }
    },
    {
      "description": "Map of [String](#section/String) to [String](#section/String).\n\n Please Check the type sections for more information.",
      "examples": [
        {}
      ],
      "type": "object",
      "required": [
        "typeProperty"
      ],
      "properties": {
        "typeProperty": {
          "type": "string",
          "enum": [
            "StringMap"
          ]
        }
      },
      "patternProperties": {
        "": {
          "type": "string"
        }
      },
      "propertyNames": {
        "type": "string"
      }
    },
    {
      "type": "object",
      "required": [
        "typeProperty"
      ],
      "properties": {
        "typeProperty": {
          "type": "string",
          "enum": [
            "UnitStructNewType"
          ]
        }
      }
    },
    {
      "type": "object",
      "required": [
        "bar",
        "foo",
        "typeProperty"
      ],
      "properties": {
        "bar": {
          "type": "boolean"
        },
        "foo": {
          "type": "integer",
          "format": "int32"
        },
        "typeProperty": {
          "type": "string",
          "enum": [
            "StructNewType"
          ]
        }
      }
    },
    {
      "type": "object",
      "required": [
        "bar",
        "foo",
        "typeProperty"
      ],
      "properties": {
        "bar": {
          "type": "boolean"
        },
        "foo": {
          "type": "integer",
          "format": "int32"
        },
        "typeProperty": {
          "type": "string",
          "enum": [
            "Struct"
          ]
        }
      }
    },
    {
      "type": "object",
      "required": [
        "typeProperty"
      ],
      "properties": {
        "typeProperty": {
          "type": "string",
          "enum": [
            "UnitTwo"
          ]
        }
      }
    },
    {
      "type": [
        "object",
        "integer"
      ],
      "format": "int32",
      "required": [
        "typeProperty"
      ],
      "properties": {
        "typeProperty": {
          "type": "string",
          "enum": [
            "WithInt"
          ]
        }
      }
    }
  ]
}