{
  "$schema": "https://json-schema.org/draft/2020-12/schema",
  "title": "Untagged",
  "anyOf": [
    {
      "type": "null"
    },
    {
      "type": "object",
      "additionalProperties": {
        "type": "string"
      }
    },
    {
      "$ref": "#/components/schemas/UnitStruct"
    },
    {
      "$ref": "#/components/schemas/Struct"
    },
    {
      "type": "object",
      "required": [
        "bar",
        "foo"
      ],
      "properties": {
        "foo": {
          "type": "integer",
          "format": "int32"
        },
        "bar": {
          "type": "boolean"
        }
      }
    },
    {
      "type": "array",
      "prefixItems": [
        {
          "type": "integer",
          "format": "int32"
        },
        {
          "type": "boolean"
        }
      ],
      "maxItems": 2,
      "minItems": 2
    },
    {
      "type": "integer",
      "format": "int32"
    }
  ],
  "definitions": {
    "UnitStruct": {
      "type": "null"
    },
    "Struct": {
      "type": "object",
      "required": [
        "bar",
        "foo"
      ],
      "properties": {
        "foo": {
          "type": "integer",
          "format": "int32"
        },
        "bar": {
          "type": "boolean"
        }
      }
    }
  }
}