{
  "$schema": "https://json-schema.org/draft/2020-12/schema",
  "title": "Untagged",
  "anyOf": [
    {
      "type": "null"
    },
    {
      "$ref": "#/components/schemas/Map_of_String_to_String"
    },
    {
      "$ref": "#/components/schemas/UnitStruct"
    },
    {
      "$ref": "#/components/schemas/Struct"
    },
    {
      "type": "object",
      "required": [
        "bar",
        "foo"
      ],
      "properties": {
        "bar": {
          "type": "boolean"
        },
        "foo": {
          "type": "integer",
          "format": "int32"
        }
      },
      "additionalProperties": false
    },
    {
      "type": "array",
      "prefixItems": [
        {
          "type": "integer",
          "format": "int32"
        },
        {
          "type": "boolean"
        }
      ],
      "maxItems": 2,
      "minItems": 2
    },
    {
      "type": "integer",
      "format": "int32"
    }
  ],
  "definitions": {
    "Map_of_String_to_String": {
      "description": "Map of [String](#section/String) to [String](#section/String).\n\n Please Check the type sections for more information.",
      "examples": [
        {}
      ],
      "type": "object",
      "patternProperties": {
        "": {
          "type": "string"
        }
      },
      "propertyNames": {
        "type": "string"
      }
    },
    "Struct": {
      "type": "object",
      "required": [
        "bar",
        "foo"
      ],
      "properties": {
        "bar": {
          "type": "boolean"
        },
        "foo": {
          "type": "integer",
          "format": "int32"
        }
      }
    },
    "UnitStruct": {
      "type": "null"
    }
  }
}