{
  "$schema": "https://json-schema.org/draft/2020-12/schema",
  "title": "Struct",
  "examples": [
    {
      "bar": false,
      "baz": null,
      "foo": 0
    },
    null
  ],
  "type": "object",
  "required": [
    "bar",
    "foo"
  ],
  "properties": {
    "foo": {
      "examples": [
        8,
        null
      ],
      "type": "integer",
      "format": "int32"
    },
    "bar": {
      "type": "boolean"
    },
    "baz": {
      "examples": [
        null
      ],
      "type": [
        "string",
        "null"
      ]
    }
  }
}