{
  "$schema": "https://json-schema.org/draft/2020-12/schema",
  "title": "Flat",
  "type": "object",
  "required": [
    "b",
    "f",
    "s",
    "v"
  ],
  "properties": {
    "f": {
      "type": "number",
      "format": "float"
    },
    "b": {
      "type": "boolean"
    },
    "s": {
      "type": "string"
    },
    "os": {
      "default": "",
      "type": "string"
    },
    "v": {
      "type": "array",
      "prefixItems": [
        {
          "type": "integer",
          "format": "int32"
        }
      ]
    }
  }
}