{
  "$schema": "https://json-schema.org/draft/2020-12/schema",
  "examples": [
    {
      "bool": true,
      "minusOne": -1,
      "null": null,
      "object": {
        "array": [
          "foo",
          "bar"
        ]
      },
      "one": 1,
      "zero": 0,
      "zeroPointZero": 0.0
    }
  ],
  "type": "object",
  "properties": {
    "bool": {
      "type": "boolean"
    },
    "minusOne": {
      "type": "integer"
    },
    "null": true,
    "object": {
      "type": "object",
      "properties": {
        "array": {
          "type": "array",
          "prefixItems": [
            {
              "type": "string"
            }
          ]
        }
      }
    },
    "one": {
      "type": "integer"
    },
    "zero": {
      "type": "integer"
    },
    "zeroPointZero": {
      "type": "number"
    }
  }
}