{
  "$schema": "https://json-schema.org/draft/2020-12/schema",
  "title": "MyJob",
  "type": "object",
  "required": [
    "spec"
  ],
  "properties": {
    "spec": {
      "type": "object",
      "required": [
        "replicas"
      ],
      "properties": {
        "replicas": {
          "type": "integer",
          "format": "uint32",
          "minimum": 0.0
        }
      }
    }
  }
}