{
  "$schema": "https://json-schema.org/draft/2020-12/schema",
  "title": "OuterEnum",
  "oneOf": [
    {
      "type": "object",
      "required": [
        "InnerStruct"
      ],
      "properties": {
        "InnerStruct": {
          "$ref": "#/components/schemas/InnerStruct"
        }
      },
      "additionalProperties": false
    }
  ],
  "definitions": {
    "InnerStruct": {
      "type": "object",
      "required": [
        "x"
      ],
      "properties": {
        "x": {
          "type": "integer",
          "format": "int32"
        }
      }
    }
  }
}