{
  "$schema": "https://json-schema.org/draft/2020-12/schema",
  "title": "OsStrings",
  "type": "object",
  "required": [
    "borrowed",
    "owned"
  ],
  "properties": {
    "owned": {
      "$ref": "#/components/schemas/OsString"
    },
    "borrowed": {
      "$ref": "#/components/schemas/OsString"
    }
  },
  "definitions": {
    "OsString": {
      "oneOf": [
        {
          "type": "object",
          "required": [
            "Unix"
          ],
          "properties": {
            "Unix": {
              "type": "array",
              "prefixItems": [
                {
                  "type": "integer",
                  "format": "uint8",
                  "minimum": 0.0
                }
              ]
            }
          }
        },
        {
          "type": "object",
          "required": [
            "Windows"
          ],
          "properties": {
            "Windows": {
              "type": "array",
              "prefixItems": [
                {
                  "type": "integer",
                  "format": "uint16",
                  "minimum": 0.0
                }
              ]
            }
          }
        }
      ]
    }
  }
}