{
  "$schema": "https://json-schema.org/draft/2020-12/schema",
  "title": "a-new-name-Array_of_String-int32-int32",
  "type": "object",
  "required": [
    "inner",
    "t",
    "u",
    "v",
    "w"
  ],
  "properties": {
    "t": {
      "type": "integer",
      "format": "int32"
    },
    "u": {
      "type": "null"
    },
    "v": {
      "type": "boolean"
    },
    "w": {
      "type": "array",
      "prefixItems": [
        {
          "type": "string"
        }
      ]
    },
    "inner": {
      "$ref": "#/components/schemas/another-new-name"
    }
  },
  "definitions": {
    "another-new-name": {
      "type": "object",
      "required": [
        "foo"
      ],
      "properties": {
        "foo": {
          "type": "integer",
          "format": "int32"
        }
      }
    }
  }
}