{
  "$schema": "https://json-schema.org/draft/2020-12/schema",
  "title": "TupleStruct",
  "type": "array",
  "prefixItems": [
    {
      "type": "number",
      "format": "float"
    },
    {
      "type": "null"
    }
  ],
  "maxItems": 2,
  "minItems": 2
}