{
  "$schema": "https://json-schema.org/draft/2020-12/schema",
  "title": "MyStruct",
  "type": "object",
  "required": [
    "included",
    "writable"
  ],
  "properties": {
    "readable": {
      "default": "",
      "readOnly": true,
      "type": "string"
    },
    "writable": {
      "writeOnly": true,
      "type": "number",
      "format": "float"
    },
    "included": {
      "type": "null"
    }
  }
}