{
  "$schema": "https://json-schema.org/draft/2020-12/schema",
  "title": "Array_of_String",
  "type": "array",
  "items": {
    "type": "string"
  }
}