{
  "$schema": "https://json-schema.org/draft/2020-12/schema",
  "title": "UrlTypes",
  "type": "object",
  "required": [
    "url"
  ],
  "properties": {
    "url": {
      "type": "string",
      "format": "uri"
    }
  }
}