{
  "$schema": "https://json-schema.org/draft/2020-12/schema",
  "title": "NewType",
  "type": "integer",
  "format": "uint8",
  "maximum": 10.0,
  "minimum": 0.0
}