{
  "$schema": "https://json-schema.org/draft/2020-12/schema",
  "title": "Tuple",
  "type": "array",
  "prefixItems": [
    {
      "type": "integer",
      "format": "uint8",
      "maximum": 10.0,
      "minimum": 0.0
    },
    {
      "type": "boolean"
    }
  ],
  "maxItems": 2,
  "minItems": 2
}