{
  "$schema": "https://json-schema.org/draft/2020-12/schema",
  "title": "Struct",
  "type": "object",
  "required": [
    "contains_str1",
    "contains_str2",
    "email_address",
    "homepage",
    "map_contains",
    "min_max",
    "min_max2",
    "non_empty_str",
    "non_empty_str2",
    "pair",
    "regex_str1",
    "regex_str2",
    "regex_str3",
    "required_option",
    "tel",
    "x"
  ],
  "properties": {
    "contains_str1": {
      "type": "string",
      "pattern": "substring\\.\\.\\."
    },
    "contains_str2": {
      "type": "string",
      "pattern": "substring\\.\\.\\."
    },
    "email_address": {
      "type": "string",
      "format": "email"
    },
    "homepage": {
      "type": "string",
      "format": "uri"
    },
    "map_contains": {
      "pattern": "map_key",
      "required": [
        "map_key"
      ],
      "$ref": "#/components/schemas/Map_of_String_to_Null"
    },
    "min_max": {
      "type": "number",
      "format": "float",
      "maximum": 100.0,
      "minimum": 0.01
    },
    "min_max2": {
      "type": "number",
      "format": "float",
      "maximum": 1000.0,
      "minimum": 1.0
    },
    "non_empty_str": {
      "type": "string",
      "maxLength": 100,
      "minLength": 1
    },
    "non_empty_str2": {
      "type": "string",
      "maxLength": 1000,
      "minLength": 1
    },
    "pair": {
      "type": "array",
      "prefixItems": [
        {
          "type": "integer",
          "format": "int32"
        }
      ],
      "maxItems": 2,
      "minItems": 2
    },
    "regex_str1": {
      "type": "string",
      "pattern": "^[Hh]ello\\b"
    },
    "regex_str2": {
      "type": "string",
      "pattern": "^[Hh]ello\\b"
    },
    "regex_str3": {
      "type": "string",
      "pattern": "^\\d+$"
    },
    "required_option": {
      "type": "boolean"
    },
    "tel": {
      "type": "string",
      "format": "phone"
    },
    "x": {
      "type": "integer",
      "format": "int32"
    }
  },
  "definitions": {
    "Map_of_String_to_Null": {
      "description": "Map of [String](#section/String) to [Null](#section/Null).\n\n Please Check the type sections for more information.",
      "examples": [
        {}
      ],
      "type": "object",
      "patternProperties": {
        "": {
          "type": "null"
        }
      },
      "propertyNames": {
        "type": "string"
      }
    }
  }
}